// Jest Snapshot v1, https://goo.gl/fbAQLP

exports[`renders correctly 1`] = `
<View
  accessibilityIgnoresInvertColors={true}
  style={
    Object {
      "bottom": 0,
      "height": null,
      "left": 0,
      "position": "absolute",
      "right": 0,
      "top": 0,
      "width": null,
      "zIndex": -1,
    }
  }
>
  <Image
    source={
      Object {
        "testUri": "../../../src/img/bg1.png",
      }
    }
    style={
      Array [
        Object {
          "bottom": 0,
          "left": 0,
          "position": "absolute",
          "right": 0,
          "top": 0,
        },
        Object {
          "height": null,
          "width": null,
        },
        undefined,
      ]
    }
  />
  <View
    accessible={true}
    isTVSelectable={true}
    onResponderGrant={[Function]}
    onResponderMove={[Function]}
    onResponderRelease={[Function]}
    onResponderTerminate={[Function]}
    onResponderTerminationRequest={[Function]}
    onStartShouldSetResponder={[Function]}
    style={
      Object {
        "alignItems": "center",
        "flex": 1,
        "justifyContent": "center",
        "opacity": 1,
      }
    }
  >
    <View
      style={
        Object {
          "alignItems": "center",
          "flex": 1,
          "justifyContent": "center",
        }
      }
    >
      <Text
        style={
          Object {
            "color": "#000",
            "fontFamily": "KustWoff",
            "fontSize": 50,
            "marginTop": 25,
          }
        }
      >
        PlayerKnown's
      </Text>
      <Text
        style={
          Object {
            "color": "#000",
            "fontFamily": "KustWoff",
            "fontSize": 50,
            "marginTop": 25,
          }
        }
      >
        BattleGround
      </Text>
    </View>
    <View
      accessible={true}
      isTVSelectable={true}
      onResponderGrant={[Function]}
      onResponderMove={[Function]}
      onResponderRelease={[Function]}
      onResponderTerminate={[Function]}
      onResponderTerminationRequest={[Function]}
      onStartShouldSetResponder={[Function]}
      style={
        Object {
          "alignItems": "center",
          "backgroundColor": "#FF4500",
          "borderRadius": 8,
          "height": 40,
          "justifyContent": "center",
          "marginBottom": 70,
          "marginLeft": 10,
          "marginRight": 10,
          "marginTop": 50,
          "opacity": 1,
          "width": 150,
        }
      }
    >
      <Text
        style={
          Object {
            "color": "#fff",
            "fontFamily": "zhenhunshoushu",
            "fontSize": 30,
          }
        }
      >
        开始游戏
      </Text>
    </View>
  </View>
</View>
`;
