// Jest Snapshot v1, https://goo.gl/fbAQLP

exports[`renders correctly 1`] = `
<View
  style={
    Object {
      "alignItems": "center",
      "flex": 1,
      "justifyContent": "center",
    }
  }
>
  <Text
    allowFontScaling={false}
    style={
      Array [
        Object {
          "color": undefined,
          "fontSize": 30,
        },
        Object {
          "marginBottom": 20,
        },
        Object {
          "fontFamily": "anticon",
          "fontStyle": "normal",
          "fontWeight": "normal",
        },
        Object {},
      ]
    }
  >
    
  </Text>
  <Text
    style={
      Object {
        "color": "#000",
        "fontSize": 18,
        "textAlign": "center",
        "textAlignVertical": "center",
      }
    }
  >
    正在建立连接...
  </Text>
</View>
`;
