// Jest Snapshot v1, https://goo.gl/fbAQLP

exports[`renders correctly 1`] = `
<View
  style={
    Object {
      "flex": 1,
    }
  }
>
  <RCTScrollView
    data={
      Array [
        Object {
          "data": Array [
            Object {
              "isReady": true,
              "name": "xie yihan",
            },
            Object {
              "isReady": false,
              "name": "wang haoyu",
            },
          ],
          "team": "A",
        },
        Object {
          "data": Array [
            Object {
              "isReady": true,
              "name": "qi peng",
            },
            Object {
              "isReady": true,
              "name": "zhou yifan",
            },
          ],
          "team": "B",
        },
      ]
    }
    disableVirtualization={false}
    getItem={[Function]}
    getItemCount={[Function]}
    horizontal={false}
    initialNumToRender={2}
    keyExtractor={[Function]}
    maxToRenderPerBatch={10}
    onContentSizeChange={[Function]}
    onEndReachedThreshold={2}
    onLayout={[Function]}
    onMomentumScrollEnd={[Function]}
    onScroll={[Function]}
    onScrollBeginDrag={[Function]}
    onScrollEndDrag={[Function]}
    renderItem={[Function]}
    renderSectionHeader={[Function]}
    scrollEventThrottle={50}
    sections={
      Array [
        Object {
          "data": Array [
            Object {
              "isReady": true,
              "name": "xie yihan",
            },
            Object {
              "isReady": false,
              "name": "wang haoyu",
            },
          ],
          "team": "A",
        },
        Object {
          "data": Array [
            Object {
              "isReady": true,
              "name": "qi peng",
            },
            Object {
              "isReady": true,
              "name": "zhou yifan",
            },
          ],
          "team": "B",
        },
      ]
    }
    setFastScrollEnabled={false}
    setVerticalScrollBarEnabled={false}
    stickyHeaderIndices={Array []}
    stickySectionHeadersEnabled={false}
    style={
      Object {
        "marginTop": 10,
        "width": 720,
      }
    }
    updateCellsBatchingPeriod={50}
    windowSize={21}
  >
    <View>
      <View
        onLayout={[Function]}
        style={null}
      >
        <View
          style={
            Object {
              "backgroundColor": "#11ffff",
              "flex": 1,
              "height": 25,
              "justifyContent": "center",
            }
          }
        >
          <Text
            style={
              Object {
                "backgroundColor": "#473C8B",
                "color": "white",
                "fontSize": 20,
                "height": 30,
                "textAlignVertical": "center",
              }
            }
          >
             Team A
          </Text>
        </View>
      </View>
      <View
        onLayout={[Function]}
        style={null}
      >
        <View>
          <View
            style={
              Object {
                "alignItems": "center",
                "backgroundColor": "#607B8B",
                "flex": 1,
                "flexDirection": "row",
                "justifyContent": "center",
              }
            }
          >
            <View
              style={
                Object {
                  "alignItems": "center",
                  "flexDirection": "row",
                  "justifyContent": "center",
                }
              }
            >
              <Text
                style={
                  Object {
                    "color": "#fff",
                    "fontSize": 15,
                    "height": 30,
                    "marginLeft": 10,
                    "marginRight": 10,
                    "textAlignVertical": "center",
                  }
                }
              >
                xie yihan
              </Text>
            </View>
            <View
              style={
                Object {
                  "alignItems": "center",
                  "flex": 1,
                  "flexDirection": "row",
                  "justifyContent": "center",
                }
              }
            >
              <Text
                style={
                  Object {
                    "color": "#fff",
                    "fontSize": 15,
                    "height": 30,
                    "marginLeft": 10,
                    "marginRight": 10,
                    "textAlignVertical": "center",
                  }
                }
              >
                Ready
              </Text>
            </View>
          </View>
          <View
            style={
              Object {
                "backgroundColor": "white",
                "height": 1,
              }
            }
          />
        </View>
      </View>
      <View
        style={
          Object {
            "height": 0,
          }
        }
      />
    </View>
  </RCTScrollView>
</View>
`;
